------------------------------------------------------------
Timing Analyzer Summary
------------------------------------------------------------

Type  : Slow 1200mV 85C Model Setup 'clk'
Slack : -892.273
TNS   : -10708.550

Type  : Slow 1200mV 85C Model Setup 'u0|adc_mega_0|ADC_CTRL|adc_pll|auto_generated|pll1|clk[0]'
Slack : -11.359
TNS   : -66.742

Type  : Slow 1200mV 85C Model Hold 'clk'
Slack : 0.254
TNS   : 0.000

Type  : Slow 1200mV 85C Model Hold 'u0|adc_mega_0|ADC_CTRL|adc_pll|auto_generated|pll1|clk[0]'
Slack : 6.262
TNS   : 0.000

Type  : Slow 1200mV 85C Model Minimum Pulse Width 'clk'
Slack : 4.496
TNS   : 0.000

Type  : Slow 1200mV 85C Model Minimum Pulse Width 'u0|adc_mega_0|ADC_CTRL|adc_pll|auto_generated|pll1|clk[0]'
Slack : 4.575
TNS   : 0.000

Type  : Slow 1200mV 0C Model Setup 'clk'
Slack : -884.171
TNS   : -10608.522

Type  : Slow 1200mV 0C Model Setup 'u0|adc_mega_0|ADC_CTRL|adc_pll|auto_generated|pll1|clk[0]'
Slack : -9.959
TNS   : -58.434

Type  : Slow 1200mV 0C Model Hold 'clk'
Slack : 0.252
TNS   : 0.000

Type  : Slow 1200mV 0C Model Hold 'u0|adc_mega_0|ADC_CTRL|adc_pll|auto_generated|pll1|clk[0]'
Slack : 4.988
TNS   : 0.000

Type  : Slow 1200mV 0C Model Minimum Pulse Width 'clk'
Slack : 4.507
TNS   : 0.000

Type  : Slow 1200mV 0C Model Minimum Pulse Width 'u0|adc_mega_0|ADC_CTRL|adc_pll|auto_generated|pll1|clk[0]'
Slack : 4.631
TNS   : 0.000

Type  : Fast 1200mV 0C Model Setup 'clk'
Slack : -844.163
TNS   : -10129.176

Type  : Fast 1200mV 0C Model Setup 'u0|adc_mega_0|ADC_CTRL|adc_pll|auto_generated|pll1|clk[0]'
Slack : -3.849
TNS   : -22.480

Type  : Fast 1200mV 0C Model Hold 'u0|adc_mega_0|ADC_CTRL|adc_pll|auto_generated|pll1|clk[0]'
Slack : -0.095
TNS   : -0.095

Type  : Fast 1200mV 0C Model Hold 'clk'
Slack : 0.099
TNS   : 0.000

Type  : Fast 1200mV 0C Model Minimum Pulse Width 'clk'
Slack : 4.269
TNS   : 0.000

Type  : Fast 1200mV 0C Model Minimum Pulse Width 'u0|adc_mega_0|ADC_CTRL|adc_pll|auto_generated|pll1|clk[0]'
Slack : 4.903
TNS   : 0.000

------------------------------------------------------------
