Info: Starting: Create block symbol file (.bsf)
Info: qsys-generate "C:\My files\Study Stuff\Cpre 201\Signuy\Kaew Code\unnamed.qsys" --block-symbol-file --output-directory="C:\My files\Study Stuff\Cpre 201\Signuy\Kaew Code\unnamed" --family="Cyclone IV E" --part=EP4CE22F17C6
Progress: Loading Kaew Code/unnamed.qsys
Progress: Reading input file
Progress: Adding adc_mega_0 [altera_up_avalon_adc_mega 18.0]
Progress: Parameterizing module adc_mega_0
Progress: Building connections
Progress: Parameterizing connections
Progress: Validating
Progress: Done reading input file
Info: qsys-generate succeeded.
Info: Finished: Create block symbol file (.bsf)
Info: 
Info: Starting: Create HDL design files for synthesis
Info: qsys-generate "C:\My files\Study Stuff\Cpre 201\Signuy\Kaew Code\unnamed.qsys" --synthesis=VHDL --output-directory="C:\My files\Study Stuff\Cpre 201\Signuy\Kaew Code\unnamed\synthesis" --family="Cyclone IV E" --part=EP4CE22F17C6
Progress: Loading Kaew Code/unnamed.qsys
Progress: Reading input file
Progress: Adding adc_mega_0 [altera_up_avalon_adc_mega 18.0]
Progress: Parameterizing module adc_mega_0
Progress: Building connections
Progress: Parameterizing connections
Progress: Validating
Progress: Done reading input file
Info: unnamed: Generating unnamed "unnamed" for QUARTUS_SYNTH
Info: adc_mega_0: Starting Generation of ADC Controller for DE-series Board
Info: adc_mega_0: C:/intelfpga_lite/20.1/ip/altera/university_program/input_output/altera_up_avalon_adc/hdl/altera_up_avalon_adv_adc.v C:/Users/muhun/AppData/Local/Temp/alt0032_2015559431139624882.dir/0002_sopcgen/unnamed_adc_mega_0.v
Info: adc_mega_0: "unnamed" instantiated altera_up_avalon_adc_mega "adc_mega_0"
Info: unnamed: Done "unnamed" with 2 modules, 3 files
Info: qsys-generate succeeded.
Info: Finished: Create HDL design files for synthesis
